SQLSTATE[23000]: Integrity constraint violation: 1048 Column 'user_id' cannot be nullSQLSTATE[42S22]: Column not found: 1054 Unknown column 'u.name' in 'field list'SQLSTATE[42S22]: Column not found: 1054 Unknown column 'u.name' in 'field list'SQLSTATE[42S22]: Column not found: 1054 Unknown column 'u.name' in 'field list'SQLSTATE[42S22]: Column not found: 1054 Unknown column 'u.name' in 'field list'SQLSTATE[42S22]: Column not found: 1054 Unknown column 'u.name' in 'field list'SQLSTATE[42S22]: Column not found: 1054 Unknown column 'u.name' in 'field list'